The files belonging to this database system will be owned by user "XL".
This user must also own the server process.

The database cluster will be initialized with locale "C".
The default text search configuration will be set to "english".

Data page checksums are disabled.

creating directory C:/Users/XL/AppData/Local/Temp/yuki-dispatch-browser-06rarr_v/data ... ok
creating subdirectories ... ok
selecting dynamic shared memory implementation ... windows
selecting default "max_connections" ... 100
selecting default "shared_buffers" ... 128MB
selecting default time zone ... America/Los_Angeles
creating configuration files ... ok
running bootstrap script ... ok
performing post-bootstrap initialization ... ok
syncing data to disk ... ok

Success. You can now start the database server using:

    ^"C^:^\Program^ Files^\PostgreSQL^\17^\bin^\pg^_ctl^" -D ^"C^:^\Users^\XL^\AppData^\Local^\Temp^\yuki^-dispatch^-browser^-06rarr^_v^\data^" -l logfile start

waiting for server to start.... done
server started
waiting for server to shut down.... done
server stopped
